OrderNumber,Customer,Amount
42,100001,2
43,100001,1
44,300003,5
